     VMA      LMA     Size Align Out     In      Symbol
   10094    10094       10     4 .ARM.exidx
   10094    10094       10     4         <internal>:(.ARM.exidx)
   100a4    100a4        8     1 .rodata
   100a4    100a4        8     1         main.o:(.rodata.payload)
   100a4    100a4        8     1                 payload
   100ac    100ac      1cc     4 .text
   100ac    100ac       14     4         main.o:(.text.main)
   100ac    100ac        0     1                 $t
   100ad    100ad       14     1                 main
   100c0    100c0       86     4         libnet.a(net.o):(.text.net_send)
   100c0    100c0        0     1                 $t
   100c1    100c1       86     1                 net_send
   10148    10148      130     4         libnet.a(crc.o):(.text.crc32)
   10148    10148        0     1                 $t
   10149    10149      130     1                 crc32
   10278    10278       40     1 .bss
   10278    10278       40     1         libnet.a(net.o):(.bss.frame)
   10278    10278       40     1                 frame
       0        0       3b     1 .comment
       0        0       3b     1         <internal>:(.comment)
       0        0       41     1 .ARM.attributes
       0        0       41     1         main.o:(.ARM.attributes)
       0        0       c0     4 .symtab
       0        0       c0     4         <internal>:(.symtab)
       0        0       52     1 .shstrtab
       0        0       52     1         <internal>:(.shstrtab)
       0        0       3f     1 .strtab
       0        0       3f     1         <internal>:(.strtab)
