     VMA      LMA     Size Align Out     In      Symbol
   10094    10094       10     4 .ARM.exidx
   10094    10094       10     4         <internal>:(.ARM.exidx)
   100a4    100a4       76     4 .text
   100a4    100a4        8     4         util.o:(.text.util_used)
   100a4    100a4        0     1                 $t
   100a5    100a5        8     1                 util_used
   100ac    100ac       60     4         main.o:(.text.main)
   100ac    100ac        0     1                 $t
   100ad    100ad       60     1                 main
   1010c    1010c        e     4         pool.o:(.text.poolkeeper)
   1010c    1010c        0     1                 $t
   1010d    1010d        e     1                 poolkeeper
   10112    10112        0     1                 $d
   10116    10116        0     1                 $t
   10120    10120       10     8 .data
   10120    10120        1     1         util.o:(.data.pad_probe)
   10120    10120        1     1                 pad_probe
   10128    10128        8     8         util.o:(.data.ll_probe)
   10128    10128        8     1                 ll_probe
   10130    10130       18     4 .bss
   10130    10130        4     4         util.o:(COMMON)
   10130    10130        4     1                 common_a
   10134    10134        8     1         util.o:(COMMON)
   10134    10134        8     1                 common_b
   1013c    1013c        c     1         main.o:(.bss.bss_tail)
   1013c    1013c        c     1                 bss_tail
       0        0       3b     1 .comment
       0        0       3b     1         <internal>:(.comment)
       0        0       41     1 .ARM.attributes
       0        0       41     1         util.o:(.ARM.attributes)
       0        0      110     4 .symtab
       0        0      110     4         <internal>:(.symtab)
       0        0       50     1 .shstrtab
       0        0       50     1         <internal>:(.shstrtab)
       0        0       6d     1 .strtab
       0        0       6d     1         <internal>:(.strtab)
